<ROWS>
    <ROW>
        <ID>11</ID>
        <TRANSACTION_DATE>01/05/2009 02:42</TRANSACTION_DATE>
        <PRODUCT>Product1</PRODUCT>
        <PRICE>1200</PRICE>
        <PAYMENT_TYPE>Diners</PAYMENT_TYPE>
        <NAME>Stacy</NAME>
        <CITY>New York</CITY>
        <STATE>NY</STATE>
        <COUNTRY>United States</COUNTRY>
        <ACCOUNT_CREATED>01/05/2009 02:23</ACCOUNT_CREATED>
        <LAST_LOGIN>01/05/2009 04:59</LAST_LOGIN>
        <LATITUDE>40.71417</LATITUDE>
        <LONGITUDE>-74.00639</LONGITUDE>
    </ROW>

    <ROW>
        <ID>12</ID>
        <TRANSACTION_DATE>01/05/2009 05:39</TRANSACTION_DATE>
        <PRODUCT>Product1</PRODUCT>
        <PRICE>1200</PRICE>
        <PAYMENT_TYPE>Amex</PAYMENT_TYPE>
        <NAME>Heidi</NAME>
        <CITY>Eindhoven</CITY>
        <STATE>Noord-Brabant</STATE>
        <COUNTRY>Netherlands</COUNTRY>
        <ACCOUNT_CREATED>01/05/2009 04:55</ACCOUNT_CREATED>
        <LAST_LOGIN>01/05/2009 08:15</LAST_LOGIN>
        <LATITUDE>51.45</LATITUDE>
        <LONGITUDE>5.4666667</LONGITUDE>
    </ROW>

    <ROW>
        <ID>13</ID>
        <TRANSACTION_DATE>01/02/2009 09:16</TRANSACTION_DATE>
        <PRODUCT>Product1</PRODUCT>
        <PRICE>1200</PRICE>
        <PAYMENT_TYPE>Mastercard</PAYMENT_TYPE>
        <NAME>Sean</NAME>
        <CITY>Shavano Park</CITY>
        <STATE>TX</STATE>
        <COUNTRY>United States</COUNTRY>
        <ACCOUNT_CREATED>01/02/2009 08:32</ACCOUNT_CREATED>
        <LAST_LOGIN>01/05/2009 09:05</LAST_LOGIN>
        <LATITUDE>29.42389</LATITUDE>
        <LONGITUDE>-98.49333</LONGITUDE>
    </ROW>

    <ROW>
        <ID>14</ID>
        <TRANSACTION_DATE>01/05/2009 10:08</TRANSACTION_DATE>
        <PRODUCT>Product1</PRODUCT>
        <PRICE>1200</PRICE>
        <PAYMENT_TYPE>Visa</PAYMENT_TYPE>
        <NAME>Georgia</NAME>
        <CITY>Eagle</CITY>
        <STATE>ID</STATE>
        <COUNTRY>United States</COUNTRY>
        <ACCOUNT_CREATED>11/11/2008 15:53</ACCOUNT_CREATED>
        <LAST_LOGIN>01/05/2009 10:05</LAST_LOGIN>
        <LATITUDE>43.69556</LATITUDE>
        <LONGITUDE>-116.35306</LONGITUDE>
    </ROW>

    <ROW>
        <ID>15</ID>
        <TRANSACTION_DATE>01/02/2009 14:18</TRANSACTION_DATE>
        <PRODUCT>Product1</PRODUCT>
        <PRICE>1200</PRICE>
        <PAYMENT_TYPE>Visa</PAYMENT_TYPE>
        <NAME>Richard</NAME>
        <CITY>Riverside</CITY>
        <STATE>NJ</STATE>
        <COUNTRY>United States</COUNTRY>
        <ACCOUNT_CREATED>12/09/2008 12:07</ACCOUNT_CREATED>
        <LAST_LOGIN>01/05/2009 11:01</LAST_LOGIN>
        <LATITUDE>40.03222</LATITUDE>
        <LONGITUDE>-74.95778</LONGITUDE>
    </ROW>

    <ROW>
        <ID>16</ID>
        <TRANSACTION_DATE>01/04/2009 01:05</TRANSACTION_DATE>
        <PRODUCT>Product1</PRODUCT>
        <PRICE>1200</PRICE>
        <PAYMENT_TYPE>Diners</PAYMENT_TYPE>
        <NAME>Leanne</NAME>
        <CITY>Julianstown</CITY>
        <STATE>Meath</STATE>
        <COUNTRY>Ireland</COUNTRY>
        <ACCOUNT_CREATED>01/04/2009 00:00</ACCOUNT_CREATED>
        <LAST_LOGIN>01/05/2009 13:36</LAST_LOGIN>
        <LATITUDE>53.6772222</LATITUDE>
        <LONGITUDE>-6.3191667</LONGITUDE>
    </ROW>

    <ROW>
        <ID>17</ID>
        <TRANSACTION_DATE>01/05/2009 11:37</TRANSACTION_DATE>
        <PRODUCT>Product1</PRODUCT>
        <PRICE>1200</PRICE>
        <PAYMENT_TYPE>Visa</PAYMENT_TYPE>
        <NAME>Janet</NAME>
        <CITY>Ottawa</CITY>
        <STATE>Ontario</STATE>
        <COUNTRY>Canada</COUNTRY>
        <ACCOUNT_CREATED>01/05/2009 09:35</ACCOUNT_CREATED>
        <LAST_LOGIN>01/05/2009 19:24</LAST_LOGIN>
        <LATITUDE>45.4166667</LATITUDE>
        <LONGITUDE>-75.7</LONGITUDE>
    </ROW>

    <ROW>
        <ID>18</ID>
        <TRANSACTION_DATE>01/06/2009 05:02</TRANSACTION_DATE>
        <PRODUCT>Product1</PRODUCT>
        <PRICE>1200</PRICE>
        <PAYMENT_TYPE>Diners</PAYMENT_TYPE>
        <NAME>barbara</NAME>
        <CITY>Hyderabad</CITY>
        <STATE>Andhra Pradesh</STATE>
        <COUNTRY>India</COUNTRY>
        <ACCOUNT_CREATED>01/06/2009 02:41</ACCOUNT_CREATED>
        <LAST_LOGIN>01/06/2009 07:52</LAST_LOGIN>
        <LATITUDE>17.3833333</LATITUDE>
        <LONGITUDE>78.4666667</LONGITUDE>
    </ROW>

    <ROW>
        <ID>19</ID>
        <TRANSACTION_DATE>01/06/2009 07:45</TRANSACTION_DATE>
        <PRODUCT>Product2</PRODUCT>
        <PRICE>3600</PRICE>
        <PAYMENT_TYPE>Visa</PAYMENT_TYPE>
        <NAME>Sabine</NAME>
        <CITY>London</CITY>
        <STATE>England</STATE>
        <COUNTRY>United Kingdom</COUNTRY>
        <ACCOUNT_CREATED>01/06/2009 07:00</ACCOUNT_CREATED>
        <LAST_LOGIN>01/06/2009 09:17</LAST_LOGIN>
        <LATITUDE>51.52721</LATITUDE>
        <LONGITUDE>0.14559</LONGITUDE>
    </ROW>

    <ROW>
        <ID>20</ID>
        <TRANSACTION_DATE>01/02/2009 07:35</TRANSACTION_DATE>
        <PRODUCT>Product1</PRODUCT>
        <PRICE>1200</PRICE>
        <PAYMENT_TYPE>Diners</PAYMENT_TYPE>
        <NAME>Hani</NAME>
        <CITY>Salt Lake City</CITY>
        <STATE>UT</STATE>
        <COUNTRY>United States</COUNTRY>
        <ACCOUNT_CREATED>12/30/08 5:44</ACCOUNT_CREATED>
        <LAST_LOGIN>01/06/2009 10:52</LAST_LOGIN>
        <LATITUDE>40.76083</LATITUDE>
        <LONGITUDE>-111.89028</LONGITUDE>
    </ROW>

    <ROW>
        <ID>1</ID>
        <TRANSACTION_DATE>01/02/2009 06:17</TRANSACTION_DATE>
        <PRODUCT>Product1</PRODUCT>
        <PRICE>1200</PRICE>
        <PAYMENT_TYPE>Mastercard</PAYMENT_TYPE>
        <NAME>carolina</NAME>
        <CITY>Basildon</CITY>
        <STATE>England</STATE>
        <COUNTRY>United Kingdom</COUNTRY>
        <ACCOUNT_CREATED>01/02/2009 06:00</ACCOUNT_CREATED>
        <LAST_LOGIN>01/02/2009 06:08</LAST_LOGIN>
        <LATITUDE>51.5</LATITUDE>
        <LONGITUDE>-1.1166667</LONGITUDE>
    </ROW>

    <ROW>
        <ID>2</ID>
        <TRANSACTION_DATE>01/02/2009 04:53</TRANSACTION_DATE>
        <PRODUCT>Product1</PRODUCT>
        <PRICE>1200</PRICE>
        <PAYMENT_TYPE>Visa</PAYMENT_TYPE>
        <NAME>Betina</NAME>
        <CITY>Parkville</CITY>
        <STATE>MO</STATE>
        <COUNTRY>United States</COUNTRY>
        <ACCOUNT_CREATED>01/02/2009 04:42</ACCOUNT_CREATED>
        <LAST_LOGIN>01/02/2009 07:49</LAST_LOGIN>
        <LATITUDE>39.195</LATITUDE>
        <LONGITUDE>-94.68194</LONGITUDE>
    </ROW>

    <ROW>
        <ID>3</ID>
        <TRANSACTION_DATE>01/02/2009 13:08</TRANSACTION_DATE>
        <PRODUCT>Product1</PRODUCT>
        <PRICE>1200</PRICE>
        <PAYMENT_TYPE>Mastercard</PAYMENT_TYPE>
        <NAME>Federica e Andrea</NAME>
        <CITY>Astoria</CITY>
        <STATE>OR</STATE>
        <COUNTRY>United States</COUNTRY>
        <ACCOUNT_CREATED>01/01/2009 16:21</ACCOUNT_CREATED>
        <LAST_LOGIN>01/03/2009 12:32</LAST_LOGIN>
        <LATITUDE>46.18806</LATITUDE>
        <LONGITUDE>-123.83</LONGITUDE>
    </ROW>

    <ROW>
        <ID>4</ID>
        <TRANSACTION_DATE>01/03/2009 14:44</TRANSACTION_DATE>
        <PRODUCT>Product1</PRODUCT>
        <PRICE>1200</PRICE>
        <PAYMENT_TYPE>Visa</PAYMENT_TYPE>
        <NAME>Gouya</NAME>
        <CITY>Echuca</CITY>
        <STATE>Victoria</STATE>
        <COUNTRY>Australia</COUNTRY>
        <ACCOUNT_CREATED>9/25/05 21:13</ACCOUNT_CREATED>
        <LAST_LOGIN>01/03/2009 14:22</LAST_LOGIN>
        <LATITUDE>-36.1333333</LATITUDE>
        <LONGITUDE>144.75</LONGITUDE>
    </ROW>

    <ROW>
        <ID>5</ID>
        <TRANSACTION_DATE>01/04/2009 12:56</TRANSACTION_DATE>
        <PRODUCT>Product2</PRODUCT>
        <PRICE>3600</PRICE>
        <PAYMENT_TYPE>Visa</PAYMENT_TYPE>
        <NAME>Gerd W</NAME>
        <CITY>Cahaba Heights</CITY>
        <STATE>AL</STATE>
        <COUNTRY>United States</COUNTRY>
        <ACCOUNT_CREATED>11/15/08 15:47</ACCOUNT_CREATED>
        <LAST_LOGIN>01/04/2009 12:45</LAST_LOGIN>
        <LATITUDE>33.52056</LATITUDE>
        <LONGITUDE>-86.8025</LONGITUDE>
    </ROW>

    <ROW>
        <ID>6</ID>
        <TRANSACTION_DATE>01/04/2009 13:19</TRANSACTION_DATE>
        <PRODUCT>Product1</PRODUCT>
        <PRICE>1200</PRICE>
        <PAYMENT_TYPE>Visa</PAYMENT_TYPE>
        <NAME>LAURENCE</NAME>
        <CITY>Mickleton</CITY>
        <STATE>NJ</STATE>
        <COUNTRY>United States</COUNTRY>
        <ACCOUNT_CREATED>9/24/08 15:19</ACCOUNT_CREATED>
        <LAST_LOGIN>01/04/2009 13:04</LAST_LOGIN>
        <LATITUDE>39.79</LATITUDE>
        <LONGITUDE>-75.23806</LONGITUDE>
    </ROW>

    <ROW>
        <ID>7</ID>
        <TRANSACTION_DATE>01/04/2009 20:11</TRANSACTION_DATE>
        <PRODUCT>Product1</PRODUCT>
        <PRICE>1200</PRICE>
        <PAYMENT_TYPE>Mastercard</PAYMENT_TYPE>
        <NAME>Fleur</NAME>
        <CITY>Peoria</CITY>
        <STATE>IL</STATE>
        <COUNTRY>United States</COUNTRY>
        <ACCOUNT_CREATED>01/03/2009 09:38</ACCOUNT_CREATED>
        <LAST_LOGIN>01/04/2009 19:45</LAST_LOGIN>
        <LATITUDE>40.69361</LATITUDE>
        <LONGITUDE>-89.58889</LONGITUDE>
    </ROW>

    <ROW>
        <ID>8</ID>
        <TRANSACTION_DATE>01/02/2009 20:09</TRANSACTION_DATE>
        <PRODUCT>Product1</PRODUCT>
        <PRICE>1200</PRICE>
        <PAYMENT_TYPE>Mastercard</PAYMENT_TYPE>
        <NAME>adam</NAME>
        <CITY>Martin</CITY>
        <STATE>TN</STATE>
        <COUNTRY>United States</COUNTRY>
        <ACCOUNT_CREATED>01/02/2009 17:43</ACCOUNT_CREATED>
        <LAST_LOGIN>01/04/2009 20:01</LAST_LOGIN>
        <LATITUDE>36.34333</LATITUDE>
        <LONGITUDE>-88.85028</LONGITUDE>
    </ROW>

    <ROW>
        <ID>9</ID>
        <TRANSACTION_DATE>01/04/2009 13:17</TRANSACTION_DATE>
        <PRODUCT>Product1</PRODUCT>
        <PRICE>1200</PRICE>
        <PAYMENT_TYPE>Mastercard</PAYMENT_TYPE>
        <NAME>Renee Elisabeth</NAME>
        <CITY>Tel Aviv</CITY>
        <STATE>Tel Aviv</STATE>
        <COUNTRY>Israel</COUNTRY>
        <ACCOUNT_CREATED>01/04/2009 13:03</ACCOUNT_CREATED>
        <LAST_LOGIN>01/04/2009 22:10</LAST_LOGIN>
        <LATITUDE>32.0666667</LATITUDE>
        <LONGITUDE>34.7666667</LONGITUDE>
    </ROW>

    <ROW>
        <ID>10</ID>
        <TRANSACTION_DATE>01/04/2009 14:11</TRANSACTION_DATE>
        <PRODUCT>Product1</PRODUCT>
        <PRICE>1200</PRICE>
        <PAYMENT_TYPE>Visa</PAYMENT_TYPE>
        <NAME>Aidan</NAME>
        <CITY>Chatou</CITY>
        <STATE>Ile-de-France</STATE>
        <COUNTRY>France</COUNTRY>
        <ACCOUNT_CREATED>06/03/2008 04:22</ACCOUNT_CREATED>
        <LAST_LOGIN>01/05/2009 01:17</LAST_LOGIN>
        <LATITUDE>48.8833333</LATITUDE>
        <LONGITUDE>2.15</LONGITUDE>
    </ROW>

</ROWS>